18:10:43 **** Build of configuration Debug for project Zybo-Z7-20-HDMI ****
make all 
make --no-print-directory pre-build
a9-linaro-pre-build-step
' '
make --no-print-directory main-build
'Building file: ../src/video_capture/video_capture.c'
'Invoking: ARM v7 gcc compiler'
arm-none-eabi-gcc -DDEBUG -Wall -O0 -g3 -ID:/Github/Zybo-Z7/sw/src/Zybo-Z7-20-HDMI/src -c -fmessage-length=0 -MT"src/video_capture/video_capture.o" -mcpu=cortex-a9 -mfpu=vfpv3 -mfloat-abi=hard -IC:/Github_JG_ECE520/e520_Project/hdmi_sw/design_1_wrapper/export/design_1_wrapper/sw/design_1_wrapper/domain_ps7_cortexa9_0/bspinclude/include -MMD -MP -MF"src/video_capture/video_capture.d" -MT"src/video_capture/video_capture.o" -o "src/video_capture/video_capture.o" "../src/video_capture/video_capture.c"
In file included from C:/Github_JG_ECE520/e520_Project/hdmi_sw/design_1_wrapper/export/design_1_wrapper/sw/design_1_wrapper/domain_ps7_cortexa9_0/bspinclude/include/xaxivdma_i.h:51,
                 from C:/Github_JG_ECE520/e520_Project/hdmi_sw/design_1_wrapper/export/design_1_wrapper/sw/design_1_wrapper/domain_ps7_cortexa9_0/bspinclude/include/xaxivdma.h:294,
                 from ../src/video_capture/video_capture.h:75,
                 from ../src/video_capture/video_capture.c:105:
C:/Github_JG_ECE520/e520_Project/hdmi_sw/design_1_wrapper/export/design_1_wrapper/sw/design_1_wrapper/domain_ps7_cortexa9_0/bspinclude/include/xdebug.h:12:2: warning: #warning DEBUG is enabled [-Wcpp]
   12 | #warning DEBUG is enabled
      |  ^~~~~~~
'Finished building: ../src/video_capture/video_capture.c'
' '
'Building file: ../src/timer_ps/timer_ps.c'
'Invoking: ARM v7 gcc compiler'
arm-none-eabi-gcc -DDEBUG -Wall -O0 -g3 -ID:/Github/Zybo-Z7/sw/src/Zybo-Z7-20-HDMI/src -c -fmessage-length=0 -MT"src/timer_ps/timer_ps.o" -mcpu=cortex-a9 -mfpu=vfpv3 -mfloat-abi=hard -IC:/Github_JG_ECE520/e520_Project/hdmi_sw/design_1_wrapper/export/design_1_wrapper/sw/design_1_wrapper/domain_ps7_cortexa9_0/bspinclude/include -MMD -MP -MF"src/timer_ps/timer_ps.d" -MT"src/timer_ps/timer_ps.o" -o "src/timer_ps/timer_ps.o" "../src/timer_ps/timer_ps.c"
'Finished building: ../src/timer_ps/timer_ps.c'
' '
'Building file: ../src/intc/intc.c'
'Invoking: ARM v7 gcc compiler'
arm-none-eabi-gcc -DDEBUG -Wall -O0 -g3 -ID:/Github/Zybo-Z7/sw/src/Zybo-Z7-20-HDMI/src -c -fmessage-length=0 -MT"src/intc/intc.o" -mcpu=cortex-a9 -mfpu=vfpv3 -mfloat-abi=hard -IC:/Github_JG_ECE520/e520_Project/hdmi_sw/design_1_wrapper/export/design_1_wrapper/sw/design_1_wrapper/domain_ps7_cortexa9_0/bspinclude/include -MMD -MP -MF"src/intc/intc.d" -MT"src/intc/intc.o" -o "src/intc/intc.o" "../src/intc/intc.c"
'Finished building: ../src/intc/intc.c'
' '
'Building file: ../src/dynclk/dynclk.c'
'Invoking: ARM v7 gcc compiler'
arm-none-eabi-gcc -DDEBUG -Wall -O0 -g3 -ID:/Github/Zybo-Z7/sw/src/Zybo-Z7-20-HDMI/src -c -fmessage-length=0 -MT"src/dynclk/dynclk.o" -mcpu=cortex-a9 -mfpu=vfpv3 -mfloat-abi=hard -IC:/Github_JG_ECE520/e520_Project/hdmi_sw/design_1_wrapper/export/design_1_wrapper/sw/design_1_wrapper/domain_ps7_cortexa9_0/bspinclude/include -MMD -MP -MF"src/dynclk/dynclk.d" -MT"src/dynclk/dynclk.o" -o "src/dynclk/dynclk.o" "../src/dynclk/dynclk.c"
'Finished building: ../src/dynclk/dynclk.c'
' '
'Building file: ../src/display_ctrl/display_ctrl.c'
'Invoking: ARM v7 gcc compiler'
arm-none-eabi-gcc -DDEBUG -Wall -O0 -g3 -ID:/Github/Zybo-Z7/sw/src/Zybo-Z7-20-HDMI/src -c -fmessage-length=0 -MT"src/display_ctrl/display_ctrl.o" -mcpu=cortex-a9 -mfpu=vfpv3 -mfloat-abi=hard -IC:/Github_JG_ECE520/e520_Project/hdmi_sw/design_1_wrapper/export/design_1_wrapper/sw/design_1_wrapper/domain_ps7_cortexa9_0/bspinclude/include -MMD -MP -MF"src/display_ctrl/display_ctrl.d" -MT"src/display_ctrl/display_ctrl.o" -o "src/display_ctrl/display_ctrl.o" "../src/display_ctrl/display_ctrl.c"
In file included from C:/Github_JG_ECE520/e520_Project/hdmi_sw/design_1_wrapper/export/design_1_wrapper/sw/design_1_wrapper/domain_ps7_cortexa9_0/bspinclude/include/xaxivdma_i.h:51,
                 from C:/Github_JG_ECE520/e520_Project/hdmi_sw/design_1_wrapper/export/design_1_wrapper/sw/design_1_wrapper/domain_ps7_cortexa9_0/bspinclude/include/xaxivdma.h:294,
                 from ../src/display_ctrl/display_ctrl.h:56,
                 from ../src/display_ctrl/display_ctrl.c:63:
C:/Github_JG_ECE520/e520_Project/hdmi_sw/design_1_wrapper/export/design_1_wrapper/sw/design_1_wrapper/domain_ps7_cortexa9_0/bspinclude/include/xdebug.h:12:2: warning: #warning DEBUG is enabled [-Wcpp]
   12 | #warning DEBUG is enabled
      |  ^~~~~~~
../src/display_ctrl/display_ctrl.c: In function 'DisplayChangeFrame':
../src/display_ctrl/display_ctrl.c:456:35: warning: format '%d' expects argument of type 'int', but argument 2 has type 'u32' {aka 'long unsigned int'} [-Wformat=]
  456 |   xdbg_printf(XDBG_DEBUG_GENERAL, "Change frame: current index = %d next index = %d\r\n", dispPtr->curFrame, frameIndex);
      |                                   ^~~~~~~~~~~~~~~~~~~~~~~~~~~~~~~~~~~~~~~~~~~~~~~~~~~~~~  ~~~~~~~~~~~~~~~~~
      |                                                                                                  |
      |                                                                                                  u32 {aka long unsigned int}
C:/Github_JG_ECE520/e520_Project/hdmi_sw/design_1_wrapper/export/design_1_wrapper/sw/design_1_wrapper/domain_ps7_cortexa9_0/bspinclude/include/xdebug.h:25:73: note: in definition of macro 'xdbg_printf'
   25 | #define xdbg_printf(type, ...) (((type) & xdbg_current_types) ? printf (__VA_ARGS__) : 0)
      |                                                                         ^~~~~~~~~~~
../src/display_ctrl/display_ctrl.c:456:67: note: format string is defined here
  456 |   xdbg_printf(XDBG_DEBUG_GENERAL, "Change frame: current index = %d next index = %d\r\n", dispPtr->curFrame, frameIndex);
      |                                                                  ~^
      |                                                                   |
      |                                                                   int
      |                                                                  %ld
In file included from C:/Github_JG_ECE520/e520_Project/hdmi_sw/design_1_wrapper/export/design_1_wrapper/sw/design_1_wrapper/domain_ps7_cortexa9_0/bspinclude/include/xaxivdma_i.h:51,
                 from C:/Github_JG_ECE520/e520_Project/hdmi_sw/design_1_wrapper/export/design_1_wrapper/sw/design_1_wrapper/domain_ps7_cortexa9_0/bspinclude/include/xaxivdma.h:294,
                 from ../src/display_ctrl/display_ctrl.h:56,
                 from ../src/display_ctrl/display_ctrl.c:63:
../src/display_ctrl/display_ctrl.c:456:35: warning: format '%d' expects argument of type 'int', but argument 3 has type 'u32' {aka 'long unsigned int'} [-Wformat=]
  456 |   xdbg_printf(XDBG_DEBUG_GENERAL, "Change frame: current index = %d next index = %d\r\n", dispPtr->curFrame, frameIndex);
      |                                   ^~~~~~~~~~~~~~~~~~~~~~~~~~~~~~~~~~~~~~~~~~~~~~~~~~~~~~                     ~~~~~~~~~~
      |                                                                                                              |
      |                                                                                                              u32 {aka long unsigned int}
C:/Github_JG_ECE520/e520_Project/hdmi_sw/design_1_wrapper/export/design_1_wrapper/sw/design_1_wrapper/domain_ps7_cortexa9_0/bspinclude/include/xdebug.h:25:73: note: in definition of macro 'xdbg_printf'
   25 | #define xdbg_printf(type, ...) (((type) & xdbg_current_types) ? printf (__VA_ARGS__) : 0)
      |                                                                         ^~~~~~~~~~~
../src/display_ctrl/display_ctrl.c:456:83: note: format string is defined here
  456 |   xdbg_printf(XDBG_DEBUG_GENERAL, "Change frame: current index = %d next index = %d\r\n", dispPtr->curFrame, frameIndex);
      |                                                                                  ~^
      |                                                                                   |
      |                                                                                   int
      |                                                                                  %ld
'Finished building: ../src/display_ctrl/display_ctrl.c'
' '
'Building file: ../src/video_demo.c'
'Invoking: ARM v7 gcc compiler'
arm-none-eabi-gcc -DDEBUG -Wall -O0 -g3 -ID:/Github/Zybo-Z7/sw/src/Zybo-Z7-20-HDMI/src -c -fmessage-length=0 -MT"src/video_demo.o" -mcpu=cortex-a9 -mfpu=vfpv3 -mfloat-abi=hard -IC:/Github_JG_ECE520/e520_Project/hdmi_sw/design_1_wrapper/export/design_1_wrapper/sw/design_1_wrapper/domain_ps7_cortexa9_0/bspinclude/include -MMD -MP -MF"src/video_demo.d" -MT"src/video_demo.o" -o "src/video_demo.o" "../src/video_demo.c"
In file included from C:/Github_JG_ECE520/e520_Project/hdmi_sw/design_1_wrapper/export/design_1_wrapper/sw/design_1_wrapper/domain_ps7_cortexa9_0/bspinclude/include/xaxivdma_i.h:51,
                 from C:/Github_JG_ECE520/e520_Project/hdmi_sw/design_1_wrapper/export/design_1_wrapper/sw/design_1_wrapper/domain_ps7_cortexa9_0/bspinclude/include/xaxivdma.h:294,
                 from ../src/video_capture/video_capture.h:75,
                 from ../src/video_demo.h:32,
                 from ../src/video_demo.c:28:
C:/Github_JG_ECE520/e520_Project/hdmi_sw/design_1_wrapper/export/design_1_wrapper/sw/design_1_wrapper/domain_ps7_cortexa9_0/bspinclude/include/xdebug.h:12:2: warning: #warning DEBUG is enabled [-Wcpp]
   12 | #warning DEBUG is enabled
      |  ^~~~~~~
../src/video_demo.c: In function 'DemoGetInactiveFrame':
../src/video_demo.c:430:1: warning: control reaches end of non-void function [-Wreturn-type]
  430 | }
      | ^
'Finished building: ../src/video_demo.c'
' '
'Building target: Zybo-Z7-20-HDMI.elf'
'Invoking: ARM v7 gcc linker'
arm-none-eabi-gcc -mcpu=cortex-a9 -mfpu=vfpv3 -mfloat-abi=hard -Wl,-build-id=none -specs=Xilinx.spec -Wl,-T -Wl,../src/lscript.ld -LC:/Github_JG_ECE520/e520_Project/hdmi_sw/design_1_wrapper/export/design_1_wrapper/sw/design_1_wrapper/domain_ps7_cortexa9_0/bsplib/lib -o "Zybo-Z7-20-HDMI.elf"  ./src/video_capture/video_capture.o  ./src/timer_ps/timer_ps.o  ./src/intc/intc.o  ./src/dynclk/dynclk.o  ./src/display_ctrl/display_ctrl.o  ./src/video_demo.o   -Wl,--start-group,-lxil,-lgcc,-lc,--end-group
'Finished building target: Zybo-Z7-20-HDMI.elf'
' '
'Invoking: ARM v7 Print Size'
arm-none-eabi-size Zybo-Z7-20-HDMI.elf  |tee "Zybo-Z7-20-HDMI.elf.size"
   text	   data	    bss	    dec	    hex	filename
  97991	   3492	24909072	25010555	17da17b	Zybo-Z7-20-HDMI.elf
'Finished building: Zybo-Z7-20-HDMI.elf.size'
' '

18:10:47 Build Finished (took 3s.264ms)

